1. Uploading test file...
Uploaded successfully. ID: 94b5d67c-9763-492d-89f9-f180af7b2a6e
2. Triggering Analysis...
Analysis complete.
3. Fetching Proforma 1A Students...
Found 4 students in 1A (<65%)
Selected student to move: 21BIT042.
4. Moving student to 1B...
Moved successfully.
5. Verifying student appears in 1B list...
SUCCESS: Student found in 1B list.
6. Verifying student removed from 1A list...
SUCCESS: Student removed from 1A list.
7. Approving student...
Approved successfully.
8. Verifying status is Approved...
Test crashed: 'proforma_entry'
Make sure the backend is running on port 8000
